Microchip MPLAB XC8 Compiler V2.10 ()

Linker command line:

--edf=/opt/microchip/xc8/v2.10/pic/dat/en_msgs.txt -cs \
  -h+dist/default/production/MBTemp-19-03-14.X.production.sym \
  --cmf=dist/default/production/MBTemp-19-03-14.X.production.cmf -z \
  -Q16F887 -o/tmp/xcXuVKvaS --defsym=__MPLAB_BUILD=1 \
  -Mdist/default/production/MBTemp-19-03-14.X.production.map -E1 -ver=XC8 \
  -ASTACK=0148h-016Fh -pstack=STACK -ACODE=00h-07FFhx4 -ASTRCODE=00h-01FFFh \
  -ASTRING=00h-0FFhx32 -ACONST=00h-0FFhx32 -AENTRY=00h-0FFhx32 \
  -ACOMMON=070h-07Fh -ABANK0=020h-06Fh -ABANK1=0A0h-0EFh \
  -ABANK2=0110h-016Fh -ABANK3=0190h-01EFh \
  -ARAM=020h-06Fh,0A0h-0EFh,0110h-016Fh,0190h-01EFh \
  -AABS1=020h-07Fh,0A0h-0EFh,0110h-016Fh,0190h-01EFh -ASFR0=00h-01Fh \
  -ASFR1=080h-09Fh -ASFR2=0100h-010Fh -ASFR3=0180h-018Fh \
  -preset_vec=00h,intentry=04h,init,end_init -ppowerup=CODE -pcinit=CODE \
  -pfunctab=ENTRY -ACONFIG=02007h-02008h -pconfig=CONFIG -DCONFIG=2 \
  -AIDLOC=02000h-02003h -pidloc=IDLOC -DIDLOC=2 -AEEDATA=00h-0FFh/02100h \
  -peeprom_data=EEDATA -DEEDATA=2 -DCODE=2 -DSTRCODE=2 -DSTRING=2 -DCONST=2 \
  -DENTRY=2 -k /tmp/xcXMvCqju.o \
  dist/default/production/MBTemp-19-03-14.X.production.o 

Object code version is 3.11

Machine type is 16F887



                Name                               Link     Load   Length Selector   Space Scale
/tmp/xcXMvCqju.o
                end_init                             12       12        3        8       0
                reset_vec                             0        0        3        0       0
                config                             2007     2007        2     400E       0
dist/default/production/MBTemp-19-03-14.X.production.o
                cinit                                15       15       2C        8       0
                intentry                              4        4        E        8       0
                maintext_split_1                     41       41      4F3        8       0
                text39                             1B94     1B94       3C     3728       0
                text38                             1D91     1D91       59     3B22       0
                text37                             19E7     19E7       11     33CE       0
                text36                              7E6      7E6       1A        8       0
                text35                             1013     1013       6F     2026       0
                text34                             1DEA     1DEA       6C     3BD4       0
                text33                             1A2C     1A2C       21     3458       0
                text32                             1082     1082       B8     2104       0
                text31                             1EC4     1EC4       9E     3D88       0
                text30                             1F62     1F62       9E     3EC4       0
                text29                             19F8     19F8       17     33F0       0
                text28                             1C0E     1C0E       40     381C       0
                text27                             1ADE     1ADE       2C     35BC       0
                text26                             1B0A     1B0A       2C     3614       0
                text25                              809      809       7D     1012       0
                text24                             11F2     11F2       D1     23E4       0
                text23                             1CE2     1CE2       57     39C4       0
                text22                             19D3     19D3        A     33A6       0
                text21                             19CE     19CE        5     339C       0
                text20                              B70      B70      490     16E0       0
                text19                             1C8E     1C8E       54     391C       0
                text18                             1C4E     1C4E       40     389C       0
                text17                             1E56     1E56       6E     3CAC       0
                text16                             1A90     1A90       25     3520       0
                text15                             1000     1000       13     16E0       0
                text14                             113A     113A       B8     2274       0
                text13                             12C3     12C3       D3     2586       0
                text12                              886      886      109     110C       0
                text11                             1A4D     1A4D       21     349A       0
                text10                             1BD0     1BD0       3E     37A0       0
                text9                              1A0F     1A0F       1D     341E       0
                text8                              1A6E     1A6E       22     34DC       0
                text7                               98F      98F      1E1     131E       0
                text6                              1B36     1B36       2F     366C       0
                text5                              19DD     19DD        A     33BA       0
                text4                              1AB5     1AB5       29     356A       0
                text3                               534      534      2B2        8       0
                text2                              1B65     1B65       2F     36CA       0
                text1                              1D39     1D39       58     3A72       0
                maintext                           1396     1396      46A     272C       0
                cstackBANK0                          20       20       40       20       1
                cstackCOMMON                         70       70        E       70       1
                cstackBANK1                          A0       A0       49       A0       1
                cstackBANK3                         1C9      1C9       18      190       1
                clrtext                             801      801        8     1002       0
                bssBANK2                            110      110       38      110       1
                dataBANK3                           1E1      1E1        3      190       1
                bssBANK3                            190      190       39      190       1
                bssBANK0                             60       60        3       20       1
                idataBANK3                         19CB     19CB        3     3396       0

TOTAL           Name                               Link     Load   Length     Space
        CLASS   STACK          

        CLASS   CODE           
                end_init                             12       12        3         0
                cinit                                15       15       2C         0
                intentry                              4        4        E         0
                reset_vec                             0        0        3         0
                maintext_split_1                     41       41      4F3         0
                text39                             1B94     1B94       3C         0
                text38                             1D91     1D91       59         0
                text37                             19E7     19E7       11         0
                text36                              7E6      7E6       1A         0
                text35                             1013     1013       6F         0
                text34                             1DEA     1DEA       6C         0
                text33                             1A2C     1A2C       21         0
                text32                             1082     1082       B8         0
                text31                             1EC4     1EC4       9E         0
                text30                             1F62     1F62       9E         0
                text29                             19F8     19F8       17         0
                text28                             1C0E     1C0E       40         0
                text27                             1ADE     1ADE       2C         0
                text26                             1B0A     1B0A       2C         0
                text25                              809      809       7D         0
                text24                             11F2     11F2       D1         0
                text23                             1CE2     1CE2       57         0
                text22                             19D3     19D3        A         0
                text21                             19CE     19CE        5         0
                text20                              B70      B70      490         0
                text19                             1C8E     1C8E       54         0
                text18                             1C4E     1C4E       40         0
                text17                             1E56     1E56       6E         0
                text16                             1A90     1A90       25         0
                text15                             1000     1000       13         0
                text14                             113A     113A       B8         0
                text13                             12C3     12C3       D3         0
                text12                              886      886      109         0
                text11                             1A4D     1A4D       21         0
                text10                             1BD0     1BD0       3E         0
                text9                              1A0F     1A0F       1D         0
                text8                              1A6E     1A6E       22         0
                text7                               98F      98F      1E1         0
                text6                              1B36     1B36       2F         0
                text5                              19DD     19DD        A         0
                text4                              1AB5     1AB5       29         0
                text3                               534      534      2B2         0
                text2                              1B65     1B65       2F         0
                text1                              1D39     1D39       58         0
                maintext                           1396     1396      46A         0
                clrtext                             801      801        8         0
                idataBANK3                         19CB     19CB        3         0

        CLASS   STRCODE        

        CLASS   STRING         

        CLASS   CONST          

        CLASS   ENTRY          

        CLASS   COMMON         
                cstackCOMMON                         70       70        E         1

        CLASS   BANK0          
                cstackBANK0                          20       20       40         1
                bssBANK0                             60       60        3         1

        CLASS   BANK1          
                cstackBANK1                          A0       A0       49         1

        CLASS   BANK2          
                bssBANK2                            110      110       38         1

        CLASS   BANK3          
                cstackBANK3                         1C9      1C9       18         1
                dataBANK3                           1E1      1E1        3         1
                bssBANK3                            190      190       39         1

        CLASS   RAM            

        CLASS   ABS1           
                abs_s1                               7E       7E        2         1

        CLASS   SFR0           

        CLASS   SFR1           

        CLASS   SFR2           

        CLASS   SFR3           

        CLASS   CONFIG         
                config                             2007     2007        2         0

        CLASS   IDLOC          

        CLASS   EEDATA         



SEGMENTS        Name                           Load    Length   Top    Selector   Space  Class     Delta

                reset_vec                      000000  000003  000003         0       0  CODE        2
                intentry                       000004  0007FC  000800         8       0  CODE        2
                cstackBANK0                    000020  000043  000063        20       1  BANK0       1
                cstackCOMMON                   000070  00000E  00007E        70       1  COMMON      1
                cstackBANK1                    0000A0  000049  0000E9        A0       1  BANK1       1
                bssBANK2                       000110  000038  000148       110       1  BANK2       1
                bssBANK3                       000190  000054  0001E4       190       1  BANK3       1
                clrtext                        000801  000008  000809      1002       0  CODE        2
                text25                         000809  00007D  000886      1012       0  CODE        2
                text12                         000886  000109  00098F      110C       0  CODE        2
                text7                          00098F  0001E1  000B70      131E       0  CODE        2
                text20                         000B70  0004A3  001013      16E0       0  CODE        2
                text35                         001013  00006F  001082      2026       0  CODE        2
                text32                         001082  0000B8  00113A      2104       0  CODE        2
                text14                         00113A  0000B8  0011F2      2274       0  CODE        2
                text24                         0011F2  0000D1  0012C3      23E4       0  CODE        2
                text13                         0012C3  0000D3  001396      2586       0  CODE        2
                maintext                       001396  00046A  001800      272C       0  CODE        2
                idataBANK3                     0019CB  000003  0019CE      3396       0  CODE        2
                text21                         0019CE  000005  0019D3      339C       0  CODE        2
                text22                         0019D3  00000A  0019DD      33A6       0  CODE        2
                text5                          0019DD  00000A  0019E7      33BA       0  CODE        2
                text37                         0019E7  000011  0019F8      33CE       0  CODE        2
                text29                         0019F8  000017  001A0F      33F0       0  CODE        2
                text9                          001A0F  00001D  001A2C      341E       0  CODE        2
                text33                         001A2C  000021  001A4D      3458       0  CODE        2
                text11                         001A4D  000021  001A6E      349A       0  CODE        2
                text8                          001A6E  000022  001A90      34DC       0  CODE        2
                text16                         001A90  000025  001AB5      3520       0  CODE        2
                text4                          001AB5  000029  001ADE      356A       0  CODE        2
                text27                         001ADE  00002C  001B0A      35BC       0  CODE        2
                text26                         001B0A  00002C  001B36      3614       0  CODE        2
                text6                          001B36  00002F  001B65      366C       0  CODE        2
                text2                          001B65  00002F  001B94      36CA       0  CODE        2
                text39                         001B94  00003C  001BD0      3728       0  CODE        2
                text10                         001BD0  00003E  001C0E      37A0       0  CODE        2
                text28                         001C0E  000040  001C4E      381C       0  CODE        2
                text18                         001C4E  000040  001C8E      389C       0  CODE        2
                text19                         001C8E  000054  001CE2      391C       0  CODE        2
                text23                         001CE2  000057  001D39      39C4       0  CODE        2
                text1                          001D39  000058  001D91      3A72       0  CODE        2
                text38                         001D91  000059  001DEA      3B22       0  CODE        2
                text34                         001DEA  00006C  001E56      3BD4       0  CODE        2
                text17                         001E56  00006E  001EC4      3CAC       0  CODE        2
                text31                         001EC4  00009E  001F62      3D88       0  CODE        2
                text30                         001F62  00009E  002000      3EC4       0  CODE        2
                config                         002007  000002  002009      400E       0  CONFIG      2


UNUSED ADDRESS RANGES

        Name                Unused          Largest block    Delta
        BANK0            00063-0006F               D           1
        BANK1            000E9-000EF               7           1
        BANK2            00148-0016F              28           1
        BANK3            001E4-001EF               C           1
        CODE             00003-00003               1           2
                         00800-00800               1
                         01800-019CA             1CB
        CONST            00003-00003               1           2
                         00800-00800               1
                         01800-019CA             100
        EEDATA           02100-021FF             100           2
        ENTRY            00003-00003               1           2
                         00800-00800               1
                         01800-019CA             100
        IDLOC            02000-02003               4           2
        RAM              00063-0006F               D           1
                         000E9-000EF               7
                         00148-0016F              28
                         001E4-001EF               C
        SFR0             00000-0001F              20           1
        SFR1             00080-0009F              20           1
        SFR2             00100-0010F              10           1
        SFR3             00180-0018F              10           1
        STACK            00148-0016F              28           1
        STRCODE          00003-00003               1           2
                         00800-00800               1
                         01800-019CA             1CB
        STRING           00003-00003               1           2
                         00800-00800               1
                         01800-019CA             100

                                  Symbol Table

?_SelectChannel          cstackBANK1      000A0
?___awdiv                cstackCOMMON     00070
?___awtoft               cstackBANK1      000A8
?___ftadd                cstackBANK1      000AE
?___ftdiv                cstackBANK1      000BB
?___ftmul                cstackBANK1      000D1
?___ftneg                cstackBANK1      000A0
?___ftpack               cstackBANK1      000A0
?___ftsub                cstackBANK1      000CB
?___fttol                cstackBANK0      0002A
?_ad                     cstackBANK1      000A0
?_fabs                   cstackBANK1      000D7
?_protocolo              cstackBANK0      0003E
?i1___awtoft             cstackCOMMON     00078
?i1___ftdiv              cstackBANK0      00020
?i1___ftmul              cstackCOMMON     00078
?i1___ftpack             cstackCOMMON     00070
SelectChannel@ch         cstackBANK1      000A0
_ANSEL                   (abs)            00188
_ANSELH                  (abs)            00189
_BAUDCTL                 (abs)            00187
_BF                      (abs)            004A0
_EEADR                   (abs)            0010D
_EECON2                  (abs)            0018D
_EEDAT                   (abs)            0010C
_EEPGD                   (abs)            00C67
_GIE                     (abs)            0005F
_INTCON                  (abs)            0000B
_INTCONbits              (abs)            0000B
_PEIE                    (abs)            0005E
_PIE1                    (abs)            0008C
_PIR1                    (abs)            0000C
_PORTA                   (abs)            00005
_PORTB                   (abs)            00006
_PORTC                   (abs)            00007
_PORTD                   (abs)            00008
_PORTDbits               (abs)            00008
_PORTE                   (abs)            00009
_PS0                     (abs)            00408
_PS1                     (abs)            00409
_PS2                     (abs)            0040A
_PSA                     (abs)            0040B
_RCIE                    (abs)            00465
_RCIF                    (abs)            00065
_RCREG                   (abs)            0001A
_RCSTA                   (abs)            00018
_RD                      (abs)            00C60
_RD3                     (abs)            00043
_RP0                     (abs)            0001D
_RP1                     (abs)            0001E
_SPBRG                   (abs)            00099
_SPBRGH                  (abs)            0009A
_SSPBUF                  (abs)            00013
_SSPCON                  (abs)            00014
_SSPCONbits              (abs)            00014
_SSPSTAT                 (abs)            00094
_SelectChannel           text18           01C4E
_T0CS                    (abs)            0040D
_TMR0                    (abs)            00001
_TMR0IE                  (abs)            0005D
_TMR0IF                  (abs)            0005A
_TRISA                   (abs)            00085
_TRISB                   (abs)            00086
_TRISC                   (abs)            00087
_TRISD                   (abs)            00088
_TRISDbits               (abs)            00088
_TRISE                   (abs)            00089
_TRMT                    (abs)            004C1
_TXREG                   (abs)            00019
_TXSTA                   (abs)            00098
_WR                      (abs)            00C61
_WREN                    (abs)            00C62
__CFG_BOR4V$BOR40V       (abs)            00000
__CFG_BOREN$OFF          (abs)            00000
__CFG_CP$OFF             (abs)            00000
__CFG_CPD$OFF            (abs)            00000
__CFG_FCMEN$OFF          (abs)            00000
__CFG_FOSC$HS            (abs)            00000
__CFG_IESO$OFF           (abs)            00000
__CFG_LVP$OFF            (abs)            00000
__CFG_PWRTE$OFF          (abs)            00000
__CFG_WDTE$OFF           (abs)            00000
__CFG_WRT$OFF            (abs)            00000
__Habs1                  abs1             00000
__Hbank0                 bank0            00000
__Hbank1                 bank1            00000
__Hbank2                 bank2            00000
__Hbank3                 bank3            00000
__HbssBANK0              bssBANK0         00000
__HbssBANK2              bssBANK2         00000
__HbssBANK3              bssBANK3         00000
__Hcinit                 cinit            00041
__Hclrtext               clrtext          00000
__Hcode                  code             00000
__Hcommon                common           00000
__Hconfig                config           02009
__HcstackBANK0           cstackBANK0      00000
__HcstackBANK1           cstackBANK1      00000
__HcstackBANK3           cstackBANK3      00000
__HcstackCOMMON          cstackCOMMON     00000
__HdataBANK3             dataBANK3        00000
__Heeprom_data           eeprom_data      00000
__Hend_init              end_init         00015
__Hfunctab               functab          00000
__HidataBANK3            idataBANK3       00000
__Hidloc                 idloc            00000
__Hinit                  init             00012
__Hintentry              intentry         00012
__Hmaintext              maintext         00000
__Hmaintext_split_1      maintext_split_1 00000
__Hpowerup               powerup          00000
__Hram                   ram              00000
__Hreset_vec             reset_vec        00003
__Hsfr0                  sfr0             00000
__Hsfr1                  sfr1             00000
__Hsfr2                  sfr2             00000
__Hsfr3                  sfr3             00000
__Hspace_0               (abs)            02009
__Hspace_1               (abs)            001E4
__Hspace_2               (abs)            00000
__Hspace_3               (abs)            00000
__Hstack                 stack            00000
__Hstrings               strings          00000
__Htext                  text             00000
__Labs1                  abs1             00000
__Lbank0                 bank0            00000
__Lbank1                 bank1            00000
__Lbank2                 bank2            00000
__Lbank3                 bank3            00000
__LbssBANK0              bssBANK0         00000
__LbssBANK2              bssBANK2         00000
__LbssBANK3              bssBANK3         00000
__Lcinit                 cinit            00015
__Lclrtext               clrtext          00000
__Lcode                  code             00000
__Lcommon                common           00000
__Lconfig                config           02007
__LcstackBANK0           cstackBANK0      00000
__LcstackBANK1           cstackBANK1      00000
__LcstackBANK3           cstackBANK3      00000
__LcstackCOMMON          cstackCOMMON     00000
__LdataBANK3             dataBANK3        00000
__Leeprom_data           eeprom_data      00000
__Lend_init              end_init         00012
__Lfunctab               functab          00000
__LidataBANK3            idataBANK3       00000
__Lidloc                 idloc            00000
__Linit                  init             00012
__Lintentry              intentry         00004
__Lmaintext              maintext         00000
__Lmaintext_split_1      maintext_split_1 00000
__Lpowerup               powerup          00000
__Lram                   ram              00000
__Lreset_vec             reset_vec        00000
__Lsfr0                  sfr0             00000
__Lsfr1                  sfr1             00000
__Lsfr2                  sfr2             00000
__Lsfr3                  sfr3             00000
__Lspace_0               (abs)            00000
__Lspace_1               (abs)            00000
__Lspace_2               (abs)            00000
__Lspace_3               (abs)            00000
__Lstack                 stack            00000
__Lstrings               strings          00000
__Ltext                  text             00000
__S0                     (abs)            02009
__S1                     (abs)            001E4
__S2                     (abs)            00000
__S3                     (abs)            00000
___awdiv                 text38           01D91
___awdiv@counter         cstackCOMMON     00075
___awdiv@dividend        cstackCOMMON     00072
___awdiv@divisor         cstackCOMMON     00070
___awdiv@quotient        cstackCOMMON     00077
___awdiv@sign            cstackCOMMON     00076
___awtoft                text16           01A90
___awtoft@c              cstackBANK1      000A8
___awtoft@sign           cstackBANK1      000AD
___bmul                  text15           01000
___bmul@multiplicand     cstackBANK1      000A0
___bmul@multiplier       cstackBANK1      000A3
___bmul@product          cstackBANK1      000A2
___ftadd                 text12           00886
___ftadd@exp1            cstackBANK1      000BA
___ftadd@exp2            cstackBANK1      000B9
___ftadd@f1              cstackBANK1      000AE
___ftadd@f2              cstackBANK1      000B1
___ftadd@sign            cstackBANK1      000B8
___ftdiv                 text14           0113A
___ftdiv@cntr            cstackBANK1      000C5
___ftdiv@exp             cstackBANK1      000C9
___ftdiv@f1              cstackBANK1      000BE
___ftdiv@f2              cstackBANK1      000BB
___ftdiv@f3              cstackBANK1      000C6
___ftdiv@sign            cstackBANK1      000CA
___ftge                  text6            01B36
___ftge@ff1              cstackBANK1      000D1
___ftge@ff2              cstackBANK1      000D4
___ftmul                 text13           012C3
___ftmul@cntr            cstackBANK1      000DF
___ftmul@exp             cstackBANK1      000DB
___ftmul@f1              cstackBANK1      000D1
___ftmul@f2              cstackBANK1      000D4
___ftmul@f3_as_product   cstackBANK1      000DC
___ftmul@sign            cstackBANK1      000E0
___ftneg                 text5            019DD
___ftneg@f1              cstackBANK1      000A0
___ftpack                text17           01E56
___ftpack@arg            cstackBANK1      000A0
___ftpack@exp            cstackBANK1      000A3
___ftpack@sign           cstackBANK1      000A4
___ftsub                 text11           01A4D
___ftsub@f1              cstackBANK1      000CE
___ftsub@f2              cstackBANK1      000CB
___fttol                 text25           00809
___fttol@exp1            cstackBANK0      00037
___fttol@f1              cstackBANK0      0002A
___fttol@lval            cstackBANK0      00033
___fttol@sign1           cstackBANK0      00032
___int_sp                stack            00000
___latbits               (abs)            00002
___sp                    stack            00000
___stackhi               (abs)            00000
___stacklo               (abs)            00000
__end_of_SelectChannel   text18           01C8E
__end_of___awdiv         text38           01DEA
__end_of___awtoft        text16           01AB5
__end_of___bmul          text15           01013
__end_of___ftadd         text12           0098F
__end_of___ftdiv         text14           011F2
__end_of___ftge          text6            01B65
__end_of___ftmul         text13           01396
__end_of___ftneg         text5            019E7
__end_of___ftpack        text17           01EC4
__end_of___ftsub         text11           01A6E
__end_of___fttol         text25           00886
__end_of__initialization cinit            0003D
__end_of_ad              text10           01C0E
__end_of_compara         text7            00B70
__end_of_enviar          text39           01BD0
__end_of_erro            text22           019DD
__end_of_escreveLT       text3            007E6
__end_of_escreve_alpha   text35           01082
__end_of_escreve_b       text31           01F62
__end_of_escreve_k       text30           02000
__end_of_fabs            text4            01ADE
__end_of_getEEPROM       text9            01A2C
__end_of_inicializar     text1            01D91
__end_of_initLT          text2            01B94
__end_of_interruption    text19           01CE2
__end_of_le_alpha        text28           01C4E
__end_of_le_b            text27           01B0A
__end_of_le_k            text26           01B36
__end_of_le_temp         text23           01D39
__end_of_main            maintext_split_1 00531
__end_of_ok              text21           019D3
__end_of_protocolo       text20           01000
__end_of_setEEPROM       text8            01A90
__end_ofi1___awtoft      text33           01A4D
__end_ofi1___bmul        text37           019F8
__end_ofi1___ftdiv       text32           0113A
__end_ofi1___ftmul       text24           012C3
__end_ofi1___ftpack      text34           01E56
__end_ofi1_getEEPROM     text29           01A0F
__end_ofi1_setEEPROM     text36           00800
__initialization         cinit            00015
__pbssBANK0              bssBANK0         00060
__pbssBANK2              bssBANK2         00110
__pbssBANK3              bssBANK3         00190
__pcstackBANK0           cstackBANK0      00020
__pcstackBANK1           cstackBANK1      000A0
__pcstackBANK3           cstackBANK3      001C9
__pcstackCOMMON          cstackCOMMON     00070
__pdataBANK3             dataBANK3        001E1
__pidataBANK3            idataBANK3       019CB
__pintentry              intentry         00004
__pmaintext              maintext         01396
__ptext1                 text1            01D39
__ptext10                text10           01BD0
__ptext11                text11           01A4D
__ptext12                text12           00886
__ptext13                text13           012C3
__ptext14                text14           0113A
__ptext15                text15           01000
__ptext16                text16           01A90
__ptext17                text17           01E56
__ptext18                text18           01C4E
__ptext19                text19           01C8E
__ptext2                 text2            01B65
__ptext20                text20           00B70
__ptext21                text21           019CE
__ptext22                text22           019D3
__ptext23                text23           01CE2
__ptext24                text24           011F2
__ptext25                text25           00809
__ptext26                text26           01B0A
__ptext27                text27           01ADE
__ptext28                text28           01C0E
__ptext29                text29           019F8
__ptext3                 text3            00534
__ptext30                text30           01F62
__ptext31                text31           01EC4
__ptext32                text32           01082
__ptext33                text33           01A2C
__ptext34                text34           01DEA
__ptext35                text35           01013
__ptext36                text36           007E6
__ptext37                text37           019E7
__ptext38                text38           01D91
__ptext39                text39           01B94
__ptext4                 text4            01AB5
__ptext5                 text5            019DD
__ptext6                 text6            01B36
__ptext7                 text7            0098F
__ptext8                 text8            01A6E
__ptext9                 text9            01A0F
__size_of_SelectChannel  (abs)            00000
__size_of___awdiv        (abs)            00000
__size_of___awtoft       (abs)            00000
__size_of___bmul         (abs)            00000
__size_of___ftadd        (abs)            00000
__size_of___ftdiv        (abs)            00000
__size_of___ftge         (abs)            00000
__size_of___ftmul        (abs)            00000
__size_of___ftneg        (abs)            00000
__size_of___ftpack       (abs)            00000
__size_of___ftsub        (abs)            00000
__size_of___fttol        (abs)            00000
__size_of_ad             (abs)            00000
__size_of_compara        (abs)            00000
__size_of_enviar         (abs)            00000
__size_of_erro           (abs)            00000
__size_of_escreveLT      (abs)            00000
__size_of_escreve_alpha  (abs)            00000
__size_of_escreve_b      (abs)            00000
__size_of_escreve_k      (abs)            00000
__size_of_fabs           (abs)            00000
__size_of_getEEPROM      (abs)            00000
__size_of_inicializar    (abs)            00000
__size_of_initLT         (abs)            00000
__size_of_interruption   (abs)            00000
__size_of_le_alpha       (abs)            00000
__size_of_le_b           (abs)            00000
__size_of_le_k           (abs)            00000
__size_of_le_temp        (abs)            00000
__size_of_main           (abs)            00000
__size_of_ok             (abs)            00000
__size_of_protocolo      (abs)            00000
__size_of_setEEPROM      (abs)            00000
__size_ofi1___awtoft     (abs)            00000
__size_ofi1___bmul       (abs)            00000
__size_ofi1___ftdiv      (abs)            00000
__size_ofi1___ftmul      (abs)            00000
__size_ofi1___ftpack     (abs)            00000
__size_ofi1_getEEPROM    (abs)            00000
__size_ofi1_setEEPROM    (abs)            00000
_ad                      text10           01BD0
_b                       bssBANK3         001BC
_b1                      bssBANK3         001C6
_b2                      bssBANK3         001C5
_cSum                    bssBANK0         00061
_compara                 text7            0098F
_enviar                  text39           01B94
_erro                    text22           019D3
_erros                   bssBANK2         00110
_escreveLT               text3            00534
_escreve_alpha           text35           01013
_escreve_b               text31           01EC4
_escreve_k               text30           01F62
_fabs                    text4            01AB5
_fator                   dataBANK3        001E1
_fator1                  bssBANK3         001C4
_fator2                  bssBANK3         001C3
_getEEPROM               text9            01A0F
_idPlaca                 bssBANK0         00062
_inicializar             text1            01D39
_initLT                  text2            01B65
_interruption            text19           01C8E
_k                       bssBANK3         001BF
_k1                      bssBANK3         001C8
_k2                      bssBANK3         001C7
_le_alpha                text28           01C0E
_le_b                    text27           01ADE
_le_k                    text26           01B0A
_le_temp                 text23           01CE2
_lerADpuro               bssBANK3         001C2
_main                    maintext         01396
_main$962                cstackBANK3      001CE
_main$963                cstackBANK3      001D1
_media2                  bssBANK3         001B8
_modoLeitura             dataBANK3        001E3
_ok                      text21           019CE
_protocolo               text20           00B70
_protocolo$363           cstackBANK0      00044
_protocolo$364           cstackBANK0      00046
_recebidos               bssBANK0         00060
_serial                  bssBANK2         00120
_setEEPROM               text8            01A6E
_temp                    bssBANK3         00190
_valorAD                 bssBANK3         001A8
ad@_AD                   cstackBANK1      000A6
ad@_AD0                  cstackBANK1      000A8
ad@_AD1                  cstackBANK1      000AA
btemp                    (abs)            0007E
clear_ram0               clrtext          00801
compara@comp             cstackBANK1      000AB
compara@comparar         cstackBANK1      000A9
end_of_initialization    cinit            0003D
enviar@cs                cstackCOMMON     00075
enviar@envia             cstackCOMMON     00074
enviar@i                 cstackCOMMON     00076
enviar@n                 cstackCOMMON     00070
erro@e                   cstackCOMMON     00071
escreveLT@chipAddr       cstackBANK1      000A4
escreveLT@data           cstackBANK1      000A0
escreveLT@i              cstackBANK1      000A5
escreveLT@j              cstackBANK1      000A7
escreveLT@regAddr        cstackBANK1      000A3
escreve_alpha@novo_fator cstackCOMMON     00078
escreve_alpha@p          cstackCOMMON     0007A
escreve_alpha@w_alpha    cstackCOMMON     0007B
escreve_b@p              cstackBANK0      00032
escreve_b@write_b        cstackBANK0      00033
escreve_k@p              cstackBANK0      00032
escreve_k@write_k        cstackBANK0      00033
fabs@d                   cstackBANK1      000D7
getEEPROM@aux            cstackBANK1      000A2
getEEPROM@c              cstackBANK1      000A1
i1___awtoft              text33           01A2C
i1___awtoft@c            cstackCOMMON     00078
i1___awtoft@sign         cstackCOMMON     0007D
i1___bmul                text37           019E7
i1___bmul@multiplicand   cstackCOMMON     00070
i1___bmul@multiplier     cstackCOMMON     00072
i1___bmul@product        cstackCOMMON     00073
i1___ftdiv               text32           01082
i1___ftdiv@cntr          cstackBANK0      0002A
i1___ftdiv@exp           cstackBANK0      0002E
i1___ftdiv@f1            cstackBANK0      00023
i1___ftdiv@f2            cstackBANK0      00020
i1___ftdiv@f3            cstackBANK0      0002B
i1___ftdiv@sign          cstackBANK0      0002F
i1___ftmul               text24           011F2
i1___ftmul@cntr          cstackBANK0      00028
i1___ftmul@exp           cstackBANK0      00024
i1___ftmul@f1            cstackCOMMON     00078
i1___ftmul@f2            cstackCOMMON     0007B
i1___ftmul@f3_as_product cstackBANK0      00025
i1___ftmul@sign          cstackBANK0      00029
i1___ftpack              text34           01DEA
i1___ftpack@arg          cstackCOMMON     00070
i1___ftpack@exp          cstackCOMMON     00073
i1___ftpack@sign         cstackCOMMON     00074
i1_getEEPROM             text29           019F8
i1_setEEPROM             text36           007E6
i1getEEPROM@aux          cstackCOMMON     00072
i1getEEPROM@c            cstackCOMMON     00071
i1setEEPROM@addr         cstackCOMMON     00075
i1setEEPROM@valor        cstackCOMMON     00074
inicializar@i            cstackBANK1      000AA
interrupt_function       intentry         00004
interruption@uByte       cstackBANK0      0005F
intlevel0                functab          00000
intlevel1                functab          00000
intlevel2                functab          00000
intlevel3                functab          00000
intlevel4                functab          00000
intlevel5                functab          00000
le_alpha@n               cstackCOMMON     00079
le_alpha@p               cstackCOMMON     0007D
le_b@n                   cstackCOMMON     00079
le_b@p                   cstackCOMMON     0007D
le_k@n                   cstackCOMMON     00079
le_k@p                   cstackCOMMON     0007D
le_temp@p                cstackBANK0      0003D
le_temp@temp_index       cstackBANK0      00038
le_temp@valor            cstackBANK0      0003B
main@channel             cstackBANK3      001C9
main@difTemp             cstackBANK3      001CB
main@i                   cstackBANK3      001DF
main@j                   cstackBANK3      001DB
main@p                   cstackBANK3      001DD
main@sum                 cstackBANK3      001D4
main@t                   cstackBANK3      001D8
pnum$maintext            (abs)            0000D
pnum$maintext_split_1    (abs)            00036
protocolo@cmd            cstackBANK0      00052
protocolo@comando        cstackBANK0      00048
protocolo@i_360          cstackBANK0      0004C
protocolo@i_362          cstackBANK0      00050
protocolo@i_371          cstackBANK0      0004A
protocolo@id             cstackBANK0      0004E
protocolo@id_365         cstackBANK0      00056
protocolo@id_370         cstackBANK0      0004F
protocolo@id_372         cstackBANK0      00057
protocolo@id_376         cstackBANK0      00049
protocolo@payload        cstackBANK0      00058
protocolo@tam            cstackBANK0      00055
protocolo@tamanho        cstackBANK0      00053
psplit$0                 (abs)            D0036
reset_vec                reset_vec        00000
saved_w                  (abs)            0007E
setEEPROM@addr           cstackBANK1      000A4
setEEPROM@valor          cstackBANK1      000A3
start                    init             00012
start_initialization     cinit            00015
wtemp0                   (abs)            0007E


FUNCTION INFORMATION:

 *************** function _main *****************
 Defined at:
		line 94 in file "main_sync.c"
 Parameters:    Size  Location     Type
		None
 Auto vars:     Size  Location     Type
  sum             4   11[BANK3 ] unsigned long 
  t               3   15[BANK3 ] float 
  difTemp         3    2[BANK3 ] float 
  t2              3    0        float 
  ti              3    0        float 
  i               2   22[BANK3 ] int 
  p               2   20[BANK3 ] int 
  j               2   18[BANK3 ] int 
  channel         2    0[BANK3 ] int 
  valorAntigo     2    0        int 
  valorNovo       2    0        int 
 Return value:  Size  Location     Type
                  1    wreg      void 
 Registers used:
		wreg, fsr0l, fsr0h, status,2, status,0, btemp+1, pclath, cstack
 Tracked objects:
		On entry : 
		On exit  : 
		Unchanged: 
 Data sizes:     COMMON   BANK0   BANK1   BANK3   BANK2
      Params:         0       0       0       0       0
      Locals:         0       0       0      24       0
      Temps:          0       0       8       0       0
      Totals:         0       0       8      24       0
Total ram usage:       32 bytes
 Hardware stack levels required when called:    8
 This function calls:
		_SelectChannel
		___awtoft
		___bmul
		___ftadd
		___ftdiv
		___ftge
		___ftmul
		___ftsub
		_ad
		_compara
		_fabs
		_getEEPROM
		_inicializar
 This function is called by:
		Startup code after reset
 This function uses a non-reentrant model


 *************** function _inicializar *****************
 Defined at:
		line 251 in file "main_sync.c"
 Parameters:    Size  Location     Type
		None
 Auto vars:     Size  Location     Type
  i               2   10[BANK1 ] int 
 Return value:  Size  Location     Type
                  1    wreg      void 
 Registers used:
		wreg, status,2, status,0, btemp+1, pclath, cstack
 Tracked objects:
		On entry : 
		On exit  : 
		Unchanged: 
 Data sizes:     COMMON   BANK0   BANK1   BANK3   BANK2
      Params:         0       0       0       0       0
      Locals:         0       0       2       0       0
      Temps:          0       0       0       0       0
      Totals:         0       0       2       0       0
Total ram usage:        2 bytes
 Hardware stack levels used:    1
 Hardware stack levels required when called:    7
 This function calls:
		_initLT
 This function is called by:
		_main
 This function uses a non-reentrant model


 *************** function _initLT *****************
 Defined at:
		line 848 in file "main_sync.c"
 Parameters:    Size  Location     Type
		None
 Auto vars:     Size  Location     Type
		None
 Return value:  Size  Location     Type
                  1    wreg      void 
 Registers used:
		wreg, status,2, status,0, btemp+1, pclath, cstack
 Tracked objects:
		On entry : 
		On exit  : 
		Unchanged: 
 Data sizes:     COMMON   BANK0   BANK1   BANK3   BANK2
      Params:         0       0       0       0       0
      Locals:         0       0       0       0       0
      Temps:          0       0       1       0       0
      Totals:         0       0       1       0       0
Total ram usage:        1 bytes
 Hardware stack levels used:    1
 Hardware stack levels required when called:    6
 This function calls:
		_escreveLT
 This function is called by:
		_inicializar
 This function uses a non-reentrant model


 *************** function _escreveLT *****************
 Defined at:
		line 856 in file "main_sync.c"
 Parameters:    Size  Location     Type
  regAddr         1    wreg     unsigned char 
  data            1    0[BANK1 ] unsigned char 
 Auto vars:     Size  Location     Type
  regAddr         1    3[BANK1 ] unsigned char 
  j               2    7[BANK1 ] int 
  i               2    5[BANK1 ] int 
  chipAddr        1    4[BANK1 ] unsigned char 
 Return value:  Size  Location     Type
                  1    wreg      void 
 Registers used:
		wreg, status,2, status,0, btemp+1
 Tracked objects:
		On entry : 
		On exit  : 
		Unchanged: 
 Data sizes:     COMMON   BANK0   BANK1   BANK3   BANK2
      Params:         0       0       1       0       0
      Locals:         0       0       6       0       0
      Temps:          0       0       2       0       0
      Totals:         0       0       9       0       0
Total ram usage:        9 bytes
 Hardware stack levels used:    1
 Hardware stack levels required when called:    5
 This function calls:
		Nothing
 This function is called by:
		_initLT
 This function uses a non-reentrant model


 *************** function _fabs *****************
 Defined at:
		line 4 in file "/opt/microchip/xc8/v2.10/pic/sources/c90/common/fabs.c"
 Parameters:    Size  Location     Type
  d               3   55[BANK1 ] void 
 Auto vars:     Size  Location     Type
		None
 Return value:  Size  Location     Type
                  3   55[BANK1 ] void 
 Registers used:
		wreg, status,2, status,0, pclath, cstack
 Tracked objects:
		On entry : 
		On exit  : 
		Unchanged: 
 Data sizes:     COMMON   BANK0   BANK1   BANK3   BANK2
      Params:         0       0       3       0       0
      Locals:         0       0       0       0       0
      Temps:          0       0       0       0       0
      Totals:         0       0       3       0       0
Total ram usage:        3 bytes
 Hardware stack levels used:    1
 Hardware stack levels required when called:    6
 This function calls:
		___ftge
		___ftneg
 This function is called by:
		_main
 This function uses a non-reentrant model


 *************** function ___ftneg *****************
 Defined at:
		line 15 in file "/opt/microchip/xc8/v2.10/pic/sources/c90/common/ftneg.c"
 Parameters:    Size  Location     Type
  f1              3    0[BANK1 ] float 
 Auto vars:     Size  Location     Type
		None
 Return value:  Size  Location     Type
                  3    0[BANK1 ] float 
 Registers used:
		wreg
 Tracked objects:
		On entry : 
		On exit  : 
		Unchanged: 
 Data sizes:     COMMON   BANK0   BANK1   BANK3   BANK2
      Params:         0       0       3       0       0
      Locals:         0       0       0       0       0
      Temps:          0       0       0       0       0
      Totals:         0       0       3       0       0
Total ram usage:        3 bytes
 Hardware stack levels used:    1
 Hardware stack levels required when called:    5
 This function calls:
		Nothing
 This function is called by:
		_fabs
 This function uses a non-reentrant model


 *************** function ___ftge *****************
 Defined at:
		line 4 in file "/opt/microchip/xc8/v2.10/pic/sources/c90/common/ftge.c"
 Parameters:    Size  Location     Type
  ff1             3   49[BANK1 ] float 
  ff2             3   52[BANK1 ] float 
 Auto vars:     Size  Location     Type
		None
 Return value:  Size  Location     Type
		None               void
 Registers used:
		wreg, status,2, status,0
 Tracked objects:
		On entry : 
		On exit  : 
		Unchanged: 
 Data sizes:     COMMON   BANK0   BANK1   BANK3   BANK2
      Params:         0       0       6       0       0
      Locals:         0       0       0       0       0
      Temps:          0       0       0       0       0
      Totals:         0       0       6       0       0
Total ram usage:        6 bytes
 Hardware stack levels used:    1
 Hardware stack levels required when called:    5
 This function calls:
		Nothing
 This function is called by:
		_main
		_fabs
 This function uses a non-reentrant model


 *************** function _compara *****************
 Defined at:
		line 297 in file "main_sync.c"
 Parameters:    Size  Location     Type
		None
 Auto vars:     Size  Location     Type
  comp            2   11[BANK1 ] int 
  comparar        2    9[BANK1 ] int 
 Return value:  Size  Location     Type
                  1    wreg      void 
 Registers used:
		wreg, status,2, status,0, btemp+1, pclath, cstack
 Tracked objects:
		On entry : 
		On exit  : 
		Unchanged: 
 Data sizes:     COMMON   BANK0   BANK1   BANK3   BANK2
      Params:         0       0       0       0       0
      Locals:         0       0       4       0       0
      Temps:          0       0       4       0       0
      Totals:         0       0       8       0       0
Total ram usage:        8 bytes
 Hardware stack levels used:    1
 Hardware stack levels required when called:    6
 This function calls:
		_getEEPROM
		_setEEPROM
 This function is called by:
		_main
 This function uses a non-reentrant model


 *************** function _setEEPROM *****************
 Defined at:
		line 829 in file "main_sync.c"
 Parameters:    Size  Location     Type
  addr            1    wreg     unsigned char 
  valor           1    3[BANK1 ] unsigned char 
 Auto vars:     Size  Location     Type
  addr            1    4[BANK1 ] unsigned char 
 Return value:  Size  Location     Type
                  1    wreg      void 
 Registers used:
		wreg
 Tracked objects:
		On entry : 
		On exit  : 
		Unchanged: 
 Data sizes:     COMMON   BANK0   BANK1   BANK3   BANK2
      Params:         0       0       1       0       0
      Locals:         0       0       1       0       0
      Temps:          0       0       0       0       0
      Totals:         0       0       2       0       0
Total ram usage:        2 bytes
 Hardware stack levels used:    1
 Hardware stack levels required when called:    5
 This function calls:
		Nothing
 This function is called by:
		_compara
 This function uses a non-reentrant model


 *************** function _getEEPROM *****************
 Defined at:
		line 815 in file "main_sync.c"
 Parameters:    Size  Location     Type
  c               1    wreg     unsigned char 
 Auto vars:     Size  Location     Type
  c               1    1[BANK1 ] unsigned char 
  aux             1    2[BANK1 ] unsigned char 
 Return value:  Size  Location     Type
                  1    wreg      unsigned char 
 Registers used:
		wreg
 Tracked objects:
		On entry : 
		On exit  : 
		Unchanged: 
 Data sizes:     COMMON   BANK0   BANK1   BANK3   BANK2
      Params:         0       0       0       0       0
      Locals:         0       0       2       0       0
      Temps:          0       0       1       0       0
      Totals:         0       0       3       0       0
Total ram usage:        3 bytes
 Hardware stack levels used:    1
 Hardware stack levels required when called:    5
 This function calls:
		Nothing
 This function is called by:
		_main
		_compara
 This function uses a non-reentrant model


 *************** function _ad *****************
 Defined at:
		line 793 in file "main_sync.c"
 Parameters:    Size  Location     Type
		None
 Auto vars:     Size  Location     Type
  _AD1            2   10[BANK1 ] unsigned int 
  _AD0            2    8[BANK1 ] unsigned int 
  _AD             2    6[BANK1 ] unsigned int 
  aux             2    0        unsigned int 
 Return value:  Size  Location     Type
                  2    0[BANK1 ] unsigned int 
 Registers used:
		wreg, status,2, status,0
 Tracked objects:
		On entry : 
		On exit  : 
		Unchanged: 
 Data sizes:     COMMON   BANK0   BANK1   BANK3   BANK2
      Params:         0       0       2       0       0
      Locals:         0       0       8       0       0
      Temps:          0       0       2       0       0
      Totals:         0       0      12       0       0
Total ram usage:       12 bytes
 Hardware stack levels used:    1
 Hardware stack levels required when called:    5
 This function calls:
		Nothing
 This function is called by:
		_main
 This function uses a non-reentrant model


 *************** function ___ftsub *****************
 Defined at:
		line 17 in file "/opt/microchip/xc8/v2.10/pic/sources/c90/common/ftsub.c"
 Parameters:    Size  Location     Type
  f2              3   43[BANK1 ] float 
  f1              3   46[BANK1 ] float 
 Auto vars:     Size  Location     Type
		None
 Return value:  Size  Location     Type
                  3   43[BANK1 ] float 
 Registers used:
		wreg, status,2, status,0, pclath, cstack
 Tracked objects:
		On entry : 
		On exit  : 
		Unchanged: 
 Data sizes:     COMMON   BANK0   BANK1   BANK3   BANK2
      Params:         0       0       6       0       0
      Locals:         0       0       0       0       0
      Temps:          0       0       0       0       0
      Totals:         0       0       6       0       0
Total ram usage:        6 bytes
 Hardware stack levels used:    1
 Hardware stack levels required when called:    7
 This function calls:
		___ftadd
 This function is called by:
		_main
 This function uses a non-reentrant model


 *************** function ___ftadd *****************
 Defined at:
		line 86 in file "/opt/microchip/xc8/v2.10/pic/sources/c90/common/ftadd.c"
 Parameters:    Size  Location     Type
  f1              3   14[BANK1 ] float 
  f2              3   17[BANK1 ] float 
 Auto vars:     Size  Location     Type
  exp1            1   26[BANK1 ] unsigned char 
  exp2            1   25[BANK1 ] unsigned char 
  sign            1   24[BANK1 ] unsigned char 
 Return value:  Size  Location     Type
                  3   14[BANK1 ] float 
 Registers used:
		wreg, status,2, status,0, pclath, cstack
 Tracked objects:
		On entry : 
		On exit  : 
		Unchanged: 
 Data sizes:     COMMON   BANK0   BANK1   BANK3   BANK2
      Params:         0       0       6       0       0
      Locals:         0       0       3       0       0
      Temps:          0       0       4       0       0
      Totals:         0       0      13       0       0
Total ram usage:       13 bytes
 Hardware stack levels used:    1
 Hardware stack levels required when called:    6
 This function calls:
		___ftpack
 This function is called by:
		_main
		___ftsub
 This function uses a non-reentrant model


 *************** function ___ftmul *****************
 Defined at:
		line 62 in file "/opt/microchip/xc8/v2.10/pic/sources/c90/common/ftmul.c"
 Parameters:    Size  Location     Type
  f1              3   49[BANK1 ] float 
  f2              3   52[BANK1 ] float 
 Auto vars:     Size  Location     Type
  f3_as_produc    3   60[BANK1 ] unsigned um
  sign            1   64[BANK1 ] unsigned char 
  cntr            1   63[BANK1 ] unsigned char 
  exp             1   59[BANK1 ] unsigned char 
 Return value:  Size  Location     Type
                  3   49[BANK1 ] float 
 Registers used:
		wreg, status,2, status,0, pclath, cstack
 Tracked objects:
		On entry : 
		On exit  : 
		Unchanged: 
 Data sizes:     COMMON   BANK0   BANK1   BANK3   BANK2
      Params:         0       0       6       0       0
      Locals:         0       0       6       0       0
      Temps:          0       0       4       0       0
      Totals:         0       0      16       0       0
Total ram usage:       16 bytes
 Hardware stack levels used:    1
 Hardware stack levels required when called:    6
 This function calls:
		___ftpack
 This function is called by:
		_main
 This function uses a non-reentrant model


 *************** function ___ftdiv *****************
 Defined at:
		line 56 in file "/opt/microchip/xc8/v2.10/pic/sources/c90/common/ftdiv.c"
 Parameters:    Size  Location     Type
  f2              3   27[BANK1 ] float 
  f1              3   30[BANK1 ] float 
 Auto vars:     Size  Location     Type
  f3              3   38[BANK1 ] float 
  sign            1   42[BANK1 ] unsigned char 
  exp             1   41[BANK1 ] unsigned char 
  cntr            1   37[BANK1 ] unsigned char 
 Return value:  Size  Location     Type
                  3   27[BANK1 ] float 
 Registers used:
		wreg, status,2, status,0, pclath, cstack
 Tracked objects:
		On entry : 
		On exit  : 
		Unchanged: 
 Data sizes:     COMMON   BANK0   BANK1   BANK3   BANK2
      Params:         0       0       6       0       0
      Locals:         0       0       6       0       0
      Temps:          0       0       4       0       0
      Totals:         0       0      16       0       0
Total ram usage:       16 bytes
 Hardware stack levels used:    1
 Hardware stack levels required when called:    6
 This function calls:
		___ftpack
 This function is called by:
		_main
 This function uses a non-reentrant model


 *************** function ___bmul *****************
 Defined at:
		line 4 in file "/opt/microchip/xc8/v2.10/pic/sources/c90/common/Umul8.c"
 Parameters:    Size  Location     Type
  multiplier      1    wreg     unsigned char 
  multiplicand    1    0[BANK1 ] unsigned char 
 Auto vars:     Size  Location     Type
  multiplier      1    3[BANK1 ] unsigned char 
  product         1    2[BANK1 ] unsigned char 
 Return value:  Size  Location     Type
                  1    wreg      unsigned char 
 Registers used:
		wreg, status,2, status,0
 Tracked objects:
		On entry : 
		On exit  : 
		Unchanged: 
 Data sizes:     COMMON   BANK0   BANK1   BANK3   BANK2
      Params:         0       0       1       0       0
      Locals:         0       0       2       0       0
      Temps:          0       0       1       0       0
      Totals:         0       0       4       0       0
Total ram usage:        4 bytes
 Hardware stack levels used:    1
 Hardware stack levels required when called:    5
 This function calls:
		Nothing
 This function is called by:
		_main
		_le_temp
		_le_alpha
		_escreve_alpha
		_le_k
		_escreve_k
		_le_b
		_escreve_b
 This function uses a non-reentrant model


 *************** function ___awtoft *****************
 Defined at:
		line 32 in file "/opt/microchip/xc8/v2.10/pic/sources/c90/common/awtoft.c"
 Parameters:    Size  Location     Type
  c               2    8[BANK1 ] int 
 Auto vars:     Size  Location     Type
  sign            1   13[BANK1 ] unsigned char 
 Return value:  Size  Location     Type
                  3    8[BANK1 ] float 
 Registers used:
		wreg, status,2, status,0, pclath, cstack
 Tracked objects:
		On entry : 
		On exit  : 
		Unchanged: 
 Data sizes:     COMMON   BANK0   BANK1   BANK3   BANK2
      Params:         0       0       3       0       0
      Locals:         0       0       1       0       0
      Temps:          0       0       2       0       0
      Totals:         0       0       6       0       0
Total ram usage:        6 bytes
 Hardware stack levels used:    1
 Hardware stack levels required when called:    6
 This function calls:
		___ftpack
 This function is called by:
		_main
 This function uses a non-reentrant model


 *************** function ___ftpack *****************
 Defined at:
		line 62 in file "/opt/microchip/xc8/v2.10/pic/sources/c90/common/float.c"
 Parameters:    Size  Location     Type
  arg             3    0[BANK1 ] unsigned um
  exp             1    3[BANK1 ] unsigned char 
  sign            1    4[BANK1 ] unsigned char 
 Auto vars:     Size  Location     Type
		None
 Return value:  Size  Location     Type
                  3    0[BANK1 ] float 
 Registers used:
		wreg, status,2, status,0
 Tracked objects:
		On entry : 
		On exit  : 
		Unchanged: 
 Data sizes:     COMMON   BANK0   BANK1   BANK3   BANK2
      Params:         0       0       5       0       0
      Locals:         0       0       0       0       0
      Temps:          0       0       3       0       0
      Totals:         0       0       8       0       0
Total ram usage:        8 bytes
 Hardware stack levels used:    1
 Hardware stack levels required when called:    5
 This function calls:
		Nothing
 This function is called by:
		___awtoft
		___ftadd
		___ftdiv
		___ftmul
 This function uses a non-reentrant model


 *************** function _SelectChannel *****************
 Defined at:
		line 233 in file "main_sync.c"
 Parameters:    Size  Location     Type
  ch              2    0[BANK1 ] int 
 Auto vars:     Size  Location     Type
		None
 Return value:  Size  Location     Type
                  2    0[BANK1 ] int 
 Registers used:
		wreg, fsr0l, fsr0h, status,2, status,0
 Tracked objects:
		On entry : 
		On exit  : 
		Unchanged: 
 Data sizes:     COMMON   BANK0   BANK1   BANK3   BANK2
      Params:         0       0       2       0       0
      Locals:         0       0       0       0       0
      Temps:          0       0       0       0       0
      Totals:         0       0       2       0       0
Total ram usage:        2 bytes
 Hardware stack levels used:    1
 Hardware stack levels required when called:    5
 This function calls:
		Nothing
 This function is called by:
		_main
 This function uses a non-reentrant model


 *************** function _interruption *****************
 Defined at:
		line 412 in file "main_sync.c"
 Parameters:    Size  Location     Type
		None
 Auto vars:     Size  Location     Type
  uByte           1   63[BANK0 ] unsigned char 
 Return value:  Size  Location     Type
                  1    wreg      void 
 Registers used:
		wreg, fsr0l, fsr0h, status,2, status,0, btemp+1, pclath, cstack
 Tracked objects:
		On entry : 
		On exit  : 
		Unchanged: 
 Data sizes:     COMMON   BANK0   BANK1   BANK3   BANK2
      Params:         0       0       0       0       0
      Locals:         0       1       0       0       0
      Temps:          0       6       0       0       0
      Totals:         0       7       0       0       0
Total ram usage:        7 bytes
 Hardware stack levels used:    1
 Hardware stack levels required when called:    4
 This function calls:
		_enviar
		_protocolo
 This function is called by:
		Interrupt level 1
 This function uses a non-reentrant model


 *************** function _protocolo *****************
 Defined at:
		line 531 in file "main_sync.c"
 Parameters:    Size  Location     Type
		None
 Auto vars:     Size  Location     Type
  i               2   42[BANK0 ] unsigned int 
  i               2   48[BANK0 ] unsigned int 
  i               2   44[BANK0 ] unsigned int 
  i               2    0        unsigned int 
  id              1   41[BANK0 ] unsigned char 
  id              1   55[BANK0 ] unsigned char 
  id              1   47[BANK0 ] unsigned char 
  id              1   54[BANK0 ] unsigned char 
  id              1   46[BANK0 ] unsigned char 
  tamanho         2   51[BANK0 ] unsigned int 
  payload         1   56[BANK0 ] PTR unsigned char 
		 -> serial(40), 
  tam             1   53[BANK0 ] PTR unsigned char 
		 -> serial(40), 
  cmd             1   50[BANK0 ] PTR unsigned char 
		 -> serial(40), 
  comando         1   40[BANK0 ] unsigned char 
 Return value:  Size  Location     Type
                  2   30[BANK0 ] int 
 Registers used:
		wreg, fsr0l, fsr0h, status,2, status,0, btemp+1, pclath, cstack
 Tracked objects:
		On entry : 
		On exit  : 
		Unchanged: 
 Data sizes:     COMMON   BANK0   BANK1   BANK3   BANK2
      Params:         0       2       0       0       0
      Locals:         0      21       0       0       0
      Temps:          0       4       0       0       0
      Totals:         0      27       0       0       0
Total ram usage:       27 bytes
 Hardware stack levels used:    1
 Hardware stack levels required when called:    3
 This function calls:
		___awdiv
		_erro
		_escreve_alpha
		_escreve_b
		_escreve_k
		_le_alpha
		_le_b
		_le_k
		_le_temp
		_ok
 This function is called by:
		_interruption
 This function uses a non-reentrant model


 *************** function _ok *****************
 Defined at:
		line 407 in file "main_sync.c"
 Parameters:    Size  Location     Type
		None
 Auto vars:     Size  Location     Type
		None
 Return value:  Size  Location     Type
                  1    wreg      void 
 Registers used:
		wreg, status,2, status,0, pclath, cstack
 Tracked objects:
		On entry : 
		On exit  : 
		Unchanged: 
 Data sizes:     COMMON   BANK0   BANK1   BANK3   BANK2
      Params:         0       0       0       0       0
      Locals:         0       0       0       0       0
      Temps:          0       0       0       0       0
      Totals:         0       0       0       0       0
Total ram usage:        0 bytes
 Hardware stack levels used:    1
 Hardware stack levels required when called:    1
 This function calls:
		_erro
 This function is called by:
		_protocolo
 This function uses a non-reentrant model


 *************** function _erro *****************
 Defined at:
		line 400 in file "main_sync.c"
 Parameters:    Size  Location     Type
  e               1    wreg     enum E1758
 Auto vars:     Size  Location     Type
  e               1    1[COMMON] enum E1758
 Return value:  Size  Location     Type
                  1    wreg      void 
 Registers used:
		wreg, status,2
 Tracked objects:
		On entry : 
		On exit  : 
		Unchanged: 
 Data sizes:     COMMON   BANK0   BANK1   BANK3   BANK2
      Params:         0       0       0       0       0
      Locals:         1       0       0       0       0
      Temps:          1       0       0       0       0
      Totals:         2       0       0       0       0
Total ram usage:        2 bytes
 Hardware stack levels used:    1
 This function calls:
		Nothing
 This function is called by:
		_ok
		_protocolo
 This function uses a non-reentrant model


 *************** function _le_temp *****************
 Defined at:
		line 444 in file "main_sync.c"
 Parameters:    Size  Location     Type
  p               1    wreg     PTR unsigned char 
		 -> serial(40), 
  temp_index      2   24[BANK0 ] int 
 Auto vars:     Size  Location     Type
  p               1   29[BANK0 ] PTR unsigned char 
		 -> serial(40), 
  valor           2   27[BANK0 ] int 
 Return value:  Size  Location     Type
                  1    wreg      void 
 Registers used:
		wreg, fsr0l, fsr0h, status,2, status,0, pclath, cstack
 Tracked objects:
		On entry : 
		On exit  : 
		Unchanged: 
 Data sizes:     COMMON   BANK0   BANK1   BANK3   BANK2
      Params:         0       2       0       0       0
      Locals:         0       3       0       0       0
      Temps:          0       1       0       0       0
      Totals:         0       6       0       0       0
Total ram usage:        6 bytes
 Hardware stack levels used:    1
 Hardware stack levels required when called:    2
 This function calls:
		___fttol
		i1___bmul
		i1___ftmul
 This function is called by:
		_protocolo
 This function uses a non-reentrant model


 *************** function i1___ftmul *****************
 Defined at:
		line 62 in file "/opt/microchip/xc8/v2.10/pic/sources/c90/common/ftmul.c"
 Parameters:    Size  Location     Type
  f1              3    8[COMMON] float 
  f2              3   11[COMMON] float 
 Auto vars:     Size  Location     Type
  __ftmul         3    5[BANK0 ] unsigned um
  __ftmul         1    9[BANK0 ] unsigned char 
  __ftmul         1    8[BANK0 ] unsigned char 
  __ftmul         1    4[BANK0 ] unsigned char 
 Return value:  Size  Location     Type
                  3    8[COMMON] float 
 Registers used:
		wreg, status,2, status,0, pclath, cstack
 Tracked objects:
		On entry : 
		On exit  : 
		Unchanged: 
 Data sizes:     COMMON   BANK0   BANK1   BANK3   BANK2
      Params:         6       0       0       0       0
      Locals:         0       6       0       0       0
      Temps:          0       4       0       0       0
      Totals:         6      10       0       0       0
Total ram usage:       16 bytes
 Hardware stack levels used:    1
 Hardware stack levels required when called:    1
 This function calls:
		i1___ftpack
 This function is called by:
		_le_temp
 This function uses a non-reentrant model


 *************** function ___fttol *****************
 Defined at:
		line 44 in file "/opt/microchip/xc8/v2.10/pic/sources/c90/common/fttol.c"
 Parameters:    Size  Location     Type
  f1              3   10[BANK0 ] float 
 Auto vars:     Size  Location     Type
  lval            4   19[BANK0 ] unsigned long 
  exp1            1   23[BANK0 ] unsigned char 
  sign1           1   18[BANK0 ] unsigned char 
 Return value:  Size  Location     Type
                  4   10[BANK0 ] long 
 Registers used:
		wreg, status,2, status,0
 Tracked objects:
		On entry : 
		On exit  : 
		Unchanged: 
 Data sizes:     COMMON   BANK0   BANK1   BANK3   BANK2
      Params:         0       4       0       0       0
      Locals:         0       6       0       0       0
      Temps:          0       4       0       0       0
      Totals:         0      14       0       0       0
Total ram usage:       14 bytes
 Hardware stack levels used:    1
 This function calls:
		Nothing
 This function is called by:
		_le_temp
 This function uses a non-reentrant model


 *************** function _le_k *****************
 Defined at:
		line 492 in file "main_sync.c"
 Parameters:    Size  Location     Type
  p               1    wreg     PTR unsigned char 
		 -> serial(40), 
  n               2    9[COMMON] int 
 Auto vars:     Size  Location     Type
  p               1   13[COMMON] PTR unsigned char 
		 -> serial(40), 
 Return value:  Size  Location     Type
                  1    wreg      void 
 Registers used:
		wreg, fsr0l, fsr0h, status,2, status,0, pclath, cstack
 Tracked objects:
		On entry : 
		On exit  : 
		Unchanged: 
 Data sizes:     COMMON   BANK0   BANK1   BANK3   BANK2
      Params:         2       0       0       0       0
      Locals:         1       0       0       0       0
      Temps:          2       0       0       0       0
      Totals:         5       0       0       0       0
Total ram usage:        5 bytes
 Hardware stack levels used:    1
 Hardware stack levels required when called:    1
 This function calls:
		i1___bmul
		i1_getEEPROM
 This function is called by:
		_protocolo
 This function uses a non-reentrant model


 *************** function _le_b *****************
 Defined at:
		line 512 in file "main_sync.c"
 Parameters:    Size  Location     Type
  p               1    wreg     PTR unsigned char 
		 -> serial(40), 
  n               2    9[COMMON] int 
 Auto vars:     Size  Location     Type
  p               1   13[COMMON] PTR unsigned char 
		 -> serial(40), 
 Return value:  Size  Location     Type
                  1    wreg      void 
 Registers used:
		wreg, fsr0l, fsr0h, status,2, status,0, pclath, cstack
 Tracked objects:
		On entry : 
		On exit  : 
		Unchanged: 
 Data sizes:     COMMON   BANK0   BANK1   BANK3   BANK2
      Params:         2       0       0       0       0
      Locals:         1       0       0       0       0
      Temps:          2       0       0       0       0
      Totals:         5       0       0       0       0
Total ram usage:        5 bytes
 Hardware stack levels used:    1
 Hardware stack levels required when called:    1
 This function calls:
		i1___bmul
		i1_getEEPROM
 This function is called by:
		_protocolo
 This function uses a non-reentrant model


 *************** function _le_alpha *****************
 Defined at:
		line 457 in file "main_sync.c"
 Parameters:    Size  Location     Type
  p               1    wreg     PTR unsigned char 
		 -> serial(40), 
  n               2    9[COMMON] int 
 Auto vars:     Size  Location     Type
  p               1   13[COMMON] PTR unsigned char 
		 -> serial(40), 
 Return value:  Size  Location     Type
                  1    wreg      void 
 Registers used:
		wreg, fsr0l, fsr0h, status,2, status,0, pclath, cstack
 Tracked objects:
		On entry : 
		On exit  : 
		Unchanged: 
 Data sizes:     COMMON   BANK0   BANK1   BANK3   BANK2
      Params:         2       0       0       0       0
      Locals:         1       0       0       0       0
      Temps:          2       0       0       0       0
      Totals:         5       0       0       0       0
Total ram usage:        5 bytes
 Hardware stack levels used:    1
 Hardware stack levels required when called:    1
 This function calls:
		i1___bmul
		i1_getEEPROM
 This function is called by:
		_protocolo
 This function uses a non-reentrant model


 *************** function i1_getEEPROM *****************
 Defined at:
		line 815 in file "main_sync.c"
 Parameters:    Size  Location     Type
  c               1    wreg     unsigned char 
 Auto vars:     Size  Location     Type
  c               1    1[COMMON] unsigned char 
  getEEPROM       1    2[COMMON] unsigned char 
 Return value:  Size  Location     Type
                  1    wreg      unsigned char 
 Registers used:
		wreg
 Tracked objects:
		On entry : 
		On exit  : 
		Unchanged: 
 Data sizes:     COMMON   BANK0   BANK1   BANK3   BANK2
      Params:         0       0       0       0       0
      Locals:         2       0       0       0       0
      Temps:          1       0       0       0       0
      Totals:         3       0       0       0       0
Total ram usage:        3 bytes
 Hardware stack levels used:    1
 This function calls:
		Nothing
 This function is called by:
		_le_alpha
		_le_k
		_le_b
 This function uses a non-reentrant model


 *************** function _escreve_k *****************
 Defined at:
		line 498 in file "main_sync.c"
 Parameters:    Size  Location     Type
  p               1    wreg     PTR unsigned char 
		 -> serial(40), 
 Auto vars:     Size  Location     Type
  p               1   18[BANK0 ] PTR unsigned char 
		 -> serial(40), 
  write_k         2   19[BANK0 ] int 
 Return value:  Size  Location     Type
                  1    wreg      void 
 Registers used:
		wreg, fsr0l, fsr0h, status,2, status,0, btemp+1, pclath, cstack
 Tracked objects:
		On entry : 
		On exit  : 
		Unchanged: 
 Data sizes:     COMMON   BANK0   BANK1   BANK3   BANK2
      Params:         0       0       0       0       0
      Locals:         0       3       0       0       0
      Temps:          0       2       0       0       0
      Totals:         0       5       0       0       0
Total ram usage:        5 bytes
 Hardware stack levels used:    1
 Hardware stack levels required when called:    2
 This function calls:
		i1___awtoft
		i1___bmul
		i1___ftdiv
		i1_setEEPROM
 This function is called by:
		_protocolo
 This function uses a non-reentrant model


 *************** function _escreve_b *****************
 Defined at:
		line 518 in file "main_sync.c"
 Parameters:    Size  Location     Type
  p               1    wreg     PTR unsigned char 
		 -> serial(40), 
 Auto vars:     Size  Location     Type
  p               1   18[BANK0 ] PTR unsigned char 
		 -> serial(40), 
  write_b         2   19[BANK0 ] int 
 Return value:  Size  Location     Type
                  1    wreg      void 
 Registers used:
		wreg, fsr0l, fsr0h, status,2, status,0, btemp+1, pclath, cstack
 Tracked objects:
		On entry : 
		On exit  : 
		Unchanged: 
 Data sizes:     COMMON   BANK0   BANK1   BANK3   BANK2
      Params:         0       0       0       0       0
      Locals:         0       3       0       0       0
      Temps:          0       2       0       0       0
      Totals:         0       5       0       0       0
Total ram usage:        5 bytes
 Hardware stack levels used:    1
 Hardware stack levels required when called:    2
 This function calls:
		i1___awtoft
		i1___bmul
		i1___ftdiv
		i1_setEEPROM
 This function is called by:
		_protocolo
 This function uses a non-reentrant model


 *************** function i1___ftdiv *****************
 Defined at:
		line 56 in file "/opt/microchip/xc8/v2.10/pic/sources/c90/common/ftdiv.c"
 Parameters:    Size  Location     Type
  f2              3    0[BANK0 ] float 
  f1              3    3[BANK0 ] float 
 Auto vars:     Size  Location     Type
  __ftdiv         3   11[BANK0 ] float 
  __ftdiv         1   15[BANK0 ] unsigned char 
  __ftdiv         1   14[BANK0 ] unsigned char 
  __ftdiv         1   10[BANK0 ] unsigned char 
 Return value:  Size  Location     Type
                  3    0[BANK0 ] float 
 Registers used:
		wreg, status,2, status,0, pclath, cstack
 Tracked objects:
		On entry : 
		On exit  : 
		Unchanged: 
 Data sizes:     COMMON   BANK0   BANK1   BANK3   BANK2
      Params:         0       6       0       0       0
      Locals:         0       6       0       0       0
      Temps:          0       4       0       0       0
      Totals:         0      16       0       0       0
Total ram usage:       16 bytes
 Hardware stack levels used:    1
 Hardware stack levels required when called:    1
 This function calls:
		i1___ftpack
 This function is called by:
		_escreve_k
		_escreve_b
 This function uses a non-reentrant model


 *************** function i1___awtoft *****************
 Defined at:
		line 32 in file "/opt/microchip/xc8/v2.10/pic/sources/c90/common/awtoft.c"
 Parameters:    Size  Location     Type
  c               2    8[COMMON] int 
 Auto vars:     Size  Location     Type
  __awtoft        1   13[COMMON] unsigned char 
 Return value:  Size  Location     Type
                  3    8[COMMON] float 
 Registers used:
		wreg, status,2, status,0, pclath, cstack
 Tracked objects:
		On entry : 
		On exit  : 
		Unchanged: 
 Data sizes:     COMMON   BANK0   BANK1   BANK3   BANK2
      Params:         3       0       0       0       0
      Locals:         1       0       0       0       0
      Temps:          2       0       0       0       0
      Totals:         6       0       0       0       0
Total ram usage:        6 bytes
 Hardware stack levels used:    1
 Hardware stack levels required when called:    1
 This function calls:
		i1___ftpack
 This function is called by:
		_escreve_k
		_escreve_b
 This function uses a non-reentrant model


 *************** function i1___ftpack *****************
 Defined at:
		line 62 in file "/opt/microchip/xc8/v2.10/pic/sources/c90/common/float.c"
 Parameters:    Size  Location     Type
  arg             3    0[COMMON] unsigned um
  exp             1    3[COMMON] unsigned char 
  sign            1    4[COMMON] unsigned char 
 Auto vars:     Size  Location     Type
		None
 Return value:  Size  Location     Type
                  3    0[COMMON] float 
 Registers used:
		wreg, status,2, status,0
 Tracked objects:
		On entry : 
		On exit  : 
		Unchanged: 
 Data sizes:     COMMON   BANK0   BANK1   BANK3   BANK2
      Params:         5       0       0       0       0
      Locals:         0       0       0       0       0
      Temps:          3       0       0       0       0
      Totals:         8       0       0       0       0
Total ram usage:        8 bytes
 Hardware stack levels used:    1
 This function calls:
		Nothing
 This function is called by:
		i1___awtoft
		i1___ftdiv
		i1___ftmul
 This function uses a non-reentrant model


 *************** function _escreve_alpha *****************
 Defined at:
		line 472 in file "main_sync.c"
 Parameters:    Size  Location     Type
  p               1    wreg     PTR unsigned char 
		 -> serial(40), 
 Auto vars:     Size  Location     Type
  p               1   10[COMMON] PTR unsigned char 
		 -> serial(40), 
  w_alpha         2   11[COMMON] int 
  novo_fator      2    8[COMMON] int 
 Return value:  Size  Location     Type
                  1    wreg      void 
 Registers used:
		wreg, fsr0l, fsr0h, status,2, status,0, btemp+1, pclath, cstack
 Tracked objects:
		On entry : 
		On exit  : 
		Unchanged: 
 Data sizes:     COMMON   BANK0   BANK1   BANK3   BANK2
      Params:         0       0       0       0       0
      Locals:         5       0       0       0       0
      Temps:          2       0       0       0       0
      Totals:         7       0       0       0       0
Total ram usage:        7 bytes
 Hardware stack levels used:    1
 Hardware stack levels required when called:    1
 This function calls:
		i1___bmul
		i1_setEEPROM
 This function is called by:
		_protocolo
 This function uses a non-reentrant model


 *************** function i1_setEEPROM *****************
 Defined at:
		line 829 in file "main_sync.c"
 Parameters:    Size  Location     Type
  addr            1    wreg     unsigned char 
  valor           1    4[COMMON] unsigned char 
 Auto vars:     Size  Location     Type
  addr            1    5[COMMON] unsigned char 
 Return value:  Size  Location     Type
                  1    wreg      void 
 Registers used:
		wreg
 Tracked objects:
		On entry : 
		On exit  : 
		Unchanged: 
 Data sizes:     COMMON   BANK0   BANK1   BANK3   BANK2
      Params:         1       0       0       0       0
      Locals:         1       0       0       0       0
      Temps:          0       0       0       0       0
      Totals:         2       0       0       0       0
Total ram usage:        2 bytes
 Hardware stack levels used:    1
 This function calls:
		Nothing
 This function is called by:
		_escreve_alpha
		_escreve_k
		_escreve_b
 This function uses a non-reentrant model


 *************** function i1___bmul *****************
 Defined at:
		line 4 in file "/opt/microchip/xc8/v2.10/pic/sources/c90/common/Umul8.c"
 Parameters:    Size  Location     Type
  multiplier      1    wreg     unsigned char 
  multiplicand    1    0[COMMON] unsigned char 
 Auto vars:     Size  Location     Type
  multiplier      1    2[COMMON] unsigned char 
  __bmul          1    3[COMMON] unsigned char 
 Return value:  Size  Location     Type
                  1    wreg      unsigned char 
 Registers used:
		wreg, status,2, status,0
 Tracked objects:
		On entry : 
		On exit  : 
		Unchanged: 
 Data sizes:     COMMON   BANK0   BANK1   BANK3   BANK2
      Params:         1       0       0       0       0
      Locals:         2       0       0       0       0
      Temps:          1       0       0       0       0
      Totals:         4       0       0       0       0
Total ram usage:        4 bytes
 Hardware stack levels used:    1
 This function calls:
		Nothing
 This function is called by:
		_le_temp
		_le_alpha
		_escreve_alpha
		_le_k
		_escreve_k
		_le_b
		_escreve_b
 This function uses a non-reentrant model


 *************** function ___awdiv *****************
 Defined at:
		line 5 in file "/opt/microchip/xc8/v2.10/pic/sources/c90/common/awdiv.c"
 Parameters:    Size  Location     Type
  divisor         2    0[COMMON] int 
  dividend        2    2[COMMON] int 
 Auto vars:     Size  Location     Type
  quotient        2    7[COMMON] int 
  sign            1    6[COMMON] unsigned char 
  counter         1    5[COMMON] unsigned char 
 Return value:  Size  Location     Type
                  2    0[COMMON] int 
 Registers used:
		wreg, status,2, status,0
 Tracked objects:
		On entry : 
		On exit  : 
		Unchanged: 
 Data sizes:     COMMON   BANK0   BANK1   BANK3   BANK2
      Params:         4       0       0       0       0
      Locals:         4       0       0       0       0
      Temps:          1       0       0       0       0
      Totals:         9       0       0       0       0
Total ram usage:        9 bytes
 Hardware stack levels used:    1
 This function calls:
		Nothing
 This function is called by:
		_protocolo
 This function uses a non-reentrant model


 *************** function _enviar *****************
 Defined at:
		line 779 in file "main_sync.c"
 Parameters:    Size  Location     Type
  envia           1    wreg     PTR unsigned char 
		 -> serial(40), 
  n               2    0[COMMON] int 
 Auto vars:     Size  Location     Type
  envia           1    4[COMMON] PTR unsigned char 
		 -> serial(40), 
  i               2    6[COMMON] int 
  cs              1    5[COMMON] unsigned char 
 Return value:  Size  Location     Type
                  1    wreg      void 
 Registers used:
		wreg, fsr0l, fsr0h, status,2, status,0
 Tracked objects:
		On entry : 
		On exit  : 
		Unchanged: 
 Data sizes:     COMMON   BANK0   BANK1   BANK3   BANK2
      Params:         2       0       0       0       0
      Locals:         4       0       0       0       0
      Temps:          2       0       0       0       0
      Totals:         8       0       0       0       0
Total ram usage:        8 bytes
 Hardware stack levels used:    1
 This function calls:
		Nothing
 This function is called by:
		_interruption
 This function uses a non-reentrant model



MODULE INFORMATION

Module		Function		Class		Link	Load	Size
/opt/microchip/xc8/v2.10/pic/sources/c90/common/ftmul.c
		___ftmul       		CODE           	12C3	0000	212

/opt/microchip/xc8/v2.10/pic/sources/c90/common/ftmul.c estimated size: 212

/opt/microchip/xc8/v2.10/pic/sources/c90/common/ftdiv.c
		___ftdiv       		CODE           	113A	0000	185

/opt/microchip/xc8/v2.10/pic/sources/c90/common/ftdiv.c estimated size: 185

/opt/microchip/xc8/v2.10/pic/sources/c90/common/fttol.c
		___fttol       		CODE           	0809	0000	126

/opt/microchip/xc8/v2.10/pic/sources/c90/common/fttol.c estimated size: 126

/opt/microchip/xc8/v2.10/pic/sources/c90/common/ftge.c
		___ftge        		CODE           	1B36	0000	48

/opt/microchip/xc8/v2.10/pic/sources/c90/common/ftge.c estimated size: 48

/opt/microchip/xc8/v2.10/pic/sources/c90/common/awdiv.c
		___awdiv       		CODE           	1D91	0000	90

/opt/microchip/xc8/v2.10/pic/sources/c90/common/awdiv.c estimated size: 90

/opt/microchip/xc8/v2.10/pic/sources/c90/common/fabs.c
		_fabs          		CODE           	1AB5	0000	42

/opt/microchip/xc8/v2.10/pic/sources/c90/common/fabs.c estimated size: 42

/opt/microchip/xc8/v2.10/pic/sources/c90/common/ftadd.c
		___ftadd       		CODE           	0886	0000	266

/opt/microchip/xc8/v2.10/pic/sources/c90/common/ftadd.c estimated size: 266

main_sync.c
		_initLT        		CODE           	1B65	0000	48
		_erro          		CODE           	19D3	0000	11
		_getEEPROM     		CODE           	1A0F	0000	30
		_escreveLT     		CODE           	0534	0000	691
		_escreve_b     		CODE           	1EC4	0000	159
		_escreve_k     		CODE           	1F62	0000	159
		_setEEPROM     		CODE           	1A6E	0000	35
		_ad            		CODE           	1BD0	0000	63
		_escreve_alpha 		CODE           	1013	0000	112
		_main          		CODE           	1396	0000	2395
		_inicializar   		CODE           	1D39	0000	89
		_le_temp       		CODE           	1CE2	0000	88
		_compara       		CODE           	098F	0000	482
		_le_alpha      		CODE           	1C0E	0000	65
		_enviar        		CODE           	1B94	0000	61
		_ok            		CODE           	19CE	0000	6
		_interruption  		CODE           	1C8E	0000	85
		_SelectChannel 		CODE           	1C4E	0000	65
		_le_k          		CODE           	1B0A	0000	45
		_le_b          		CODE           	1ADE	0000	45
		_protocolo     		CODE           	0B70	0000	1169

main_sync.c estimated size: 5903

shared
		i1___ftdiv     		CODE           	1082	0000	185
		i1___awtoft    		CODE           	1A2C	0000	34
		i1___ftmul     		CODE           	11F2	0000	210
		i1___ftpack    		CODE           	1DEA	0000	109
		__initialization		CODE           	0015	0000	41
		i1_setEEPROM   		CODE           	07E6	0000	27
		i1___bmul      		CODE           	19E7	0000	18
		i1_getEEPROM   		CODE           	19F8	0000	24

shared estimated size: 648

/opt/microchip/xc8/v2.10/pic/sources/c90/common/Umul8.c
		___bmul        		CODE           	1000	0000	20

/opt/microchip/xc8/v2.10/pic/sources/c90/common/Umul8.c estimated size: 20

/opt/microchip/xc8/v2.10/pic/sources/c90/common/ftneg.c
		___ftneg       		CODE           	19DD	0000	11

/opt/microchip/xc8/v2.10/pic/sources/c90/common/ftneg.c estimated size: 11

/opt/microchip/xc8/v2.10/pic/sources/c90/common/awtoft.c
		___awtoft      		CODE           	1A90	0000	38

/opt/microchip/xc8/v2.10/pic/sources/c90/common/awtoft.c estimated size: 38

/opt/microchip/xc8/v2.10/pic/sources/c90/common/ftsub.c
		___ftsub       		CODE           	1A4D	0000	34

/opt/microchip/xc8/v2.10/pic/sources/c90/common/ftsub.c estimated size: 34

/opt/microchip/xc8/v2.10/pic/sources/c90/common/float.c
		___ftpack      		CODE           	1E56	0000	111

/opt/microchip/xc8/v2.10/pic/sources/c90/common/float.c estimated size: 111

